2025-08-19T13:27:18.065+05:30  INFO 17276 --- [MyFirstCRUDOperation] [main] c.c.MyFirstCrudOperationApplication      : Starting MyFirstCrudOperationApplication using Java 21.0.4 with PID 17276 (E:\SpringProject\MyFirstCRUDOperation\target\classes started by adesh in E:\SpringProject\MyFirstCRUDOperation)
2025-08-19T13:27:18.069+05:30  INFO 17276 --- [MyFirstCRUDOperation] [main] c.c.MyFirstCrudOperationApplication      : No active profile set, falling back to 1 default profile: "default"
2025-08-19T13:27:19.538+05:30  INFO 17276 --- [MyFirstCRUDOperation] [main] .s.d.r.c.RepositoryConfigurationDelegate : Bootstrapping Spring Data JPA repositories in DEFAULT mode.
2025-08-19T13:27:19.651+05:30  INFO 17276 --- [MyFirstCRUDOperation] [main] .s.d.r.c.RepositoryConfigurationDelegate : Finished Spring Data repository scanning in 94 ms. Found 1 JPA repository interface.
2025-08-19T13:27:20.534+05:30  INFO 17276 --- [MyFirstCRUDOperation] [main] o.s.b.w.embedded.tomcat.TomcatWebServer  : Tomcat initialized with port 8080 (http)
2025-08-19T13:27:20.550+05:30  INFO 17276 --- [MyFirstCRUDOperation] [main] o.apache.catalina.core.StandardService   : Starting service [Tomcat]
2025-08-19T13:27:20.550+05:30  INFO 17276 --- [MyFirstCRUDOperation] [main] o.apache.catalina.core.StandardEngine    : Starting Servlet engine: [Apache Tomcat/10.1.43]
2025-08-19T13:27:20.645+05:30  INFO 17276 --- [MyFirstCRUDOperation] [main] o.a.c.c.C.[Tomcat].[localhost].[/]       : Initializing Spring embedded WebApplicationContext
2025-08-19T13:27:20.645+05:30  INFO 17276 --- [MyFirstCRUDOperation] [main] w.s.c.ServletWebServerApplicationContext : Root WebApplicationContext: initialization completed in 2496 ms
2025-08-19T13:27:20.965+05:30  INFO 17276 --- [MyFirstCRUDOperation] [main] o.hibernate.jpa.internal.util.LogHelper  : HHH000204: Processing PersistenceUnitInfo [name: default]
2025-08-19T13:27:21.088+05:30  INFO 17276 --- [MyFirstCRUDOperation] [main] org.hibernate.Version                    : HHH000412: Hibernate ORM core version 6.6.22.Final
2025-08-19T13:27:21.167+05:30  INFO 17276 --- [MyFirstCRUDOperation] [main] o.h.c.internal.RegionFactoryInitiator    : HHH000026: Second-level cache disabled
2025-08-19T13:27:21.657+05:30  INFO 17276 --- [MyFirstCRUDOperation] [main] o.s.o.j.p.SpringPersistenceUnitInfo      : No LoadTimeWeaver setup: ignoring JPA class transformer
2025-08-19T13:27:21.720+05:30  INFO 17276 --- [MyFirstCRUDOperation] [main] com.zaxxer.hikari.HikariDataSource       : HikariPool-1 - Starting...
2025-08-19T13:27:22.461+05:30  INFO 17276 --- [MyFirstCRUDOperation] [main] com.zaxxer.hikari.pool.HikariPool        : HikariPool-1 - Added connection com.mysql.cj.jdbc.ConnectionImpl@15e5246
2025-08-19T13:27:22.464+05:30  INFO 17276 --- [MyFirstCRUDOperation] [main] com.zaxxer.hikari.HikariDataSource       : HikariPool-1 - Start completed.
2025-08-19T13:27:22.603+05:30  WARN 17276 --- [MyFirstCRUDOperation] [main] org.hibernate.orm.deprecation            : HHH90000025: MySQL8Dialect does not need to be specified explicitly using 'hibernate.dialect' (remove the property setting and it will be selected by default)
2025-08-19T13:27:22.607+05:30  WARN 17276 --- [MyFirstCRUDOperation] [main] org.hibernate.orm.deprecation            : HHH90000026: MySQL8Dialect has been deprecated; use org.hibernate.dialect.MySQLDialect instead
2025-08-19T13:27:22.634+05:30  INFO 17276 --- [MyFirstCRUDOperation] [main] org.hibernate.orm.connections.pooling    : HHH10001005: Database info:
	Database JDBC URL [Connecting through datasource 'HikariDataSource (HikariPool-1)']
	Database driver: undefined/unknown
	Database version: 8.0
	Autocommit mode: undefined/unknown
	Isolation level: undefined/unknown
	Minimum pool size: undefined/unknown
	Maximum pool size: undefined/unknown
2025-08-19T13:27:23.653+05:30  INFO 17276 --- [MyFirstCRUDOperation] [main] o.h.e.t.j.p.i.JtaPlatformInitiator       : HHH000489: No JTA platform available (set 'hibernate.transaction.jta.platform' to enable JTA platform integration)
2025-08-19T13:27:23.751+05:30  INFO 17276 --- [MyFirstCRUDOperation] [main] j.LocalContainerEntityManagerFactoryBean : Initialized JPA EntityManagerFactory for persistence unit 'default'
2025-08-19T13:27:24.324+05:30  WARN 17276 --- [MyFirstCRUDOperation] [main] JpaBaseConfiguration$JpaWebConfiguration : spring.jpa.open-in-view is enabled by default. Therefore, database queries may be performed during view rendering. Explicitly configure spring.jpa.open-in-view to disable this warning
2025-08-19T13:27:24.399+05:30  INFO 17276 --- [MyFirstCRUDOperation] [main] o.s.v.b.OptionalValidatorFactoryBean     : Failed to set up a Bean Validation provider: jakarta.validation.NoProviderFoundException: Unable to create a Configuration, because no Jakarta Bean Validation provider could be found. Add a provider like Hibernate Validator (RI) to your classpath.
2025-08-19T13:27:25.069+05:30  INFO 17276 --- [MyFirstCRUDOperation] [main] o.s.b.w.embedded.tomcat.TomcatWebServer  : Tomcat started on port 8080 (http) with context path '/'
2025-08-19T13:27:25.082+05:30  INFO 17276 --- [MyFirstCRUDOperation] [main] c.c.MyFirstCrudOperationApplication      : Started MyFirstCrudOperationApplication in 7.981 seconds (process running for 8.85)
2025-08-19T13:34:27.781+05:30  INFO 17276 --- [MyFirstCRUDOperation] [SpringApplicationShutdownHook] o.s.b.w.e.tomcat.GracefulShutdown        : Commencing graceful shutdown. Waiting for active requests to complete
2025-08-19T13:34:27.792+05:30  INFO 17276 --- [MyFirstCRUDOperation] [tomcat-shutdown] o.s.b.w.e.tomcat.GracefulShutdown        : Graceful shutdown complete
2025-08-19T13:34:27.800+05:30  INFO 17276 --- [MyFirstCRUDOperation] [SpringApplicationShutdownHook] j.LocalContainerEntityManagerFactoryBean : Closing JPA EntityManagerFactory for persistence unit 'default'
2025-08-19T13:34:27.804+05:30  INFO 17276 --- [MyFirstCRUDOperation] [SpringApplicationShutdownHook] com.zaxxer.hikari.HikariDataSource       : HikariPool-1 - Shutdown initiated...
2025-08-19T13:34:27.819+05:30  INFO 17276 --- [MyFirstCRUDOperation] [SpringApplicationShutdownHook] com.zaxxer.hikari.HikariDataSource       : HikariPool-1 - Shutdown completed.
2025-08-19T13:34:51.534+05:30  INFO 14552 --- [MyFirstCRUDOperation] [main] c.c.MyFirstCrudOperationApplication      : Starting MyFirstCrudOperationApplication using Java 21.0.4 with PID 14552 (E:\SpringProject\MyFirstCRUDOperation\target\classes started by adesh in E:\SpringProject\MyFirstCRUDOperation)
2025-08-19T13:34:51.540+05:30  INFO 14552 --- [MyFirstCRUDOperation] [main] c.c.MyFirstCrudOperationApplication      : No active profile set, falling back to 1 default profile: "default"
2025-08-19T13:34:52.850+05:30  INFO 14552 --- [MyFirstCRUDOperation] [main] .s.d.r.c.RepositoryConfigurationDelegate : Bootstrapping Spring Data JPA repositories in DEFAULT mode.
2025-08-19T13:34:52.965+05:30  INFO 14552 --- [MyFirstCRUDOperation] [main] .s.d.r.c.RepositoryConfigurationDelegate : Finished Spring Data repository scanning in 95 ms. Found 1 JPA repository interface.
2025-08-19T13:34:53.791+05:30  INFO 14552 --- [MyFirstCRUDOperation] [main] o.s.b.w.embedded.tomcat.TomcatWebServer  : Tomcat initialized with port 8080 (http)
2025-08-19T13:34:53.820+05:30  INFO 14552 --- [MyFirstCRUDOperation] [main] o.apache.catalina.core.StandardService   : Starting service [Tomcat]
2025-08-19T13:34:53.820+05:30  INFO 14552 --- [MyFirstCRUDOperation] [main] o.apache.catalina.core.StandardEngine    : Starting Servlet engine: [Apache Tomcat/10.1.43]
2025-08-19T13:34:53.899+05:30  INFO 14552 --- [MyFirstCRUDOperation] [main] o.a.c.c.C.[Tomcat].[localhost].[/]       : Initializing Spring embedded WebApplicationContext
2025-08-19T13:34:53.899+05:30  INFO 14552 --- [MyFirstCRUDOperation] [main] w.s.c.ServletWebServerApplicationContext : Root WebApplicationContext: initialization completed in 2285 ms
2025-08-19T13:34:54.246+05:30  INFO 14552 --- [MyFirstCRUDOperation] [main] o.hibernate.jpa.internal.util.LogHelper  : HHH000204: Processing PersistenceUnitInfo [name: default]
2025-08-19T13:34:54.337+05:30  INFO 14552 --- [MyFirstCRUDOperation] [main] org.hibernate.Version                    : HHH000412: Hibernate ORM core version 6.6.22.Final
2025-08-19T13:34:54.390+05:30  INFO 14552 --- [MyFirstCRUDOperation] [main] o.h.c.internal.RegionFactoryInitiator    : HHH000026: Second-level cache disabled
2025-08-19T13:34:54.830+05:30  INFO 14552 --- [MyFirstCRUDOperation] [main] o.s.o.j.p.SpringPersistenceUnitInfo      : No LoadTimeWeaver setup: ignoring JPA class transformer
2025-08-19T13:34:54.877+05:30  INFO 14552 --- [MyFirstCRUDOperation] [main] com.zaxxer.hikari.HikariDataSource       : HikariPool-1 - Starting...
2025-08-19T13:34:55.490+05:30  INFO 14552 --- [MyFirstCRUDOperation] [main] com.zaxxer.hikari.pool.HikariPool        : HikariPool-1 - Added connection com.mysql.cj.jdbc.ConnectionImpl@70c56434
2025-08-19T13:34:55.493+05:30  INFO 14552 --- [MyFirstCRUDOperation] [main] com.zaxxer.hikari.HikariDataSource       : HikariPool-1 - Start completed.
2025-08-19T13:34:55.553+05:30  WARN 14552 --- [MyFirstCRUDOperation] [main] org.hibernate.orm.deprecation            : HHH90000025: MySQL8Dialect does not need to be specified explicitly using 'hibernate.dialect' (remove the property setting and it will be selected by default)
2025-08-19T13:34:55.555+05:30  WARN 14552 --- [MyFirstCRUDOperation] [main] org.hibernate.orm.deprecation            : HHH90000026: MySQL8Dialect has been deprecated; use org.hibernate.dialect.MySQLDialect instead
2025-08-19T13:34:55.583+05:30  INFO 14552 --- [MyFirstCRUDOperation] [main] org.hibernate.orm.connections.pooling    : HHH10001005: Database info:
	Database JDBC URL [Connecting through datasource 'HikariDataSource (HikariPool-1)']
	Database driver: undefined/unknown
	Database version: 8.0
	Autocommit mode: undefined/unknown
	Isolation level: undefined/unknown
	Minimum pool size: undefined/unknown
	Maximum pool size: undefined/unknown
2025-08-19T13:34:56.448+05:30  INFO 14552 --- [MyFirstCRUDOperation] [main] o.h.e.t.j.p.i.JtaPlatformInitiator       : HHH000489: No JTA platform available (set 'hibernate.transaction.jta.platform' to enable JTA platform integration)
2025-08-19T13:34:56.527+05:30  INFO 14552 --- [MyFirstCRUDOperation] [main] j.LocalContainerEntityManagerFactoryBean : Initialized JPA EntityManagerFactory for persistence unit 'default'
2025-08-19T13:34:56.997+05:30  WARN 14552 --- [MyFirstCRUDOperation] [main] JpaBaseConfiguration$JpaWebConfiguration : spring.jpa.open-in-view is enabled by default. Therefore, database queries may be performed during view rendering. Explicitly configure spring.jpa.open-in-view to disable this warning
2025-08-19T13:34:57.062+05:30  INFO 14552 --- [MyFirstCRUDOperation] [main] o.s.v.b.OptionalValidatorFactoryBean     : Failed to set up a Bean Validation provider: jakarta.validation.NoProviderFoundException: Unable to create a Configuration, because no Jakarta Bean Validation provider could be found. Add a provider like Hibernate Validator (RI) to your classpath.
2025-08-19T13:34:57.640+05:30  INFO 14552 --- [MyFirstCRUDOperation] [main] o.s.b.w.embedded.tomcat.TomcatWebServer  : Tomcat started on port 8080 (http) with context path '/'
2025-08-19T13:34:57.655+05:30  INFO 14552 --- [MyFirstCRUDOperation] [main] c.c.MyFirstCrudOperationApplication      : Started MyFirstCrudOperationApplication in 6.995 seconds (process running for 7.617)
2025-08-19T13:37:06.846+05:30  INFO 14552 --- [MyFirstCRUDOperation] [SpringApplicationShutdownHook] o.s.b.w.e.tomcat.GracefulShutdown        : Commencing graceful shutdown. Waiting for active requests to complete
2025-08-19T13:37:06.862+05:30  INFO 14552 --- [MyFirstCRUDOperation] [tomcat-shutdown] o.s.b.w.e.tomcat.GracefulShutdown        : Graceful shutdown complete
2025-08-19T13:37:06.868+05:30  INFO 14552 --- [MyFirstCRUDOperation] [SpringApplicationShutdownHook] j.LocalContainerEntityManagerFactoryBean : Closing JPA EntityManagerFactory for persistence unit 'default'
2025-08-19T13:37:06.870+05:30  INFO 14552 --- [MyFirstCRUDOperation] [SpringApplicationShutdownHook] com.zaxxer.hikari.HikariDataSource       : HikariPool-1 - Shutdown initiated...
2025-08-19T13:37:06.886+05:30  INFO 14552 --- [MyFirstCRUDOperation] [SpringApplicationShutdownHook] com.zaxxer.hikari.HikariDataSource       : HikariPool-1 - Shutdown completed.
